// Jest Snapshot v1, https://goo.gl/fbAQLP

exports[`PriceDreawer should match the snapshot 1`] = `
<div>
  <div
    class="sc-bdfCDU laxfuQ MuiBox-root css-0"
  >
    <p
      class="MuiTypography-root MuiTypography-body1 sc-gsTDqH hPFdnW css-ahj2mt-MuiTypography-root"
    >
      Total:
    </p>
    <p
      class="MuiTypography-root MuiTypography-body1 sc-gsTDqH hPFdnW css-ahj2mt-MuiTypography-root"
    >
      R$ 
      798
    </p>
  </div>
</div>
`;
